2026-02-12 22:04:05,059-INFO-Not admitted
2026-02-12 22:04:05,060-INFO-patient not admitted
2026-02-12 22:04:05,060-INFO-1000
2026-02-12 22:04:05,060-INFO-patient not admitted
2026-02-12 22:04:05,060-INFO-2000
2026-02-12 22:15:40,610-INFO-admitted successful for sanjana for 4 days
2026-02-12 22:15:40,610-INFO-total bill is : 5000
2026-02-12 22:15:40,611-INFO-Patient Name: sanjana
2026-02-12 22:15:40,611-INFO-Age: 21
2026-02-12 22:15:40,611-INFO-Disease: fever
2026-02-12 22:15:40,611-INFO-Phone: 1234567890
2026-02-12 22:15:40,611-INFO-Admitted: True
2026-02-12 22:15:40,611-INFO-Days Admitted: 4
2026-02-12 22:15:40,611-INFO-Bill Amount: 5000
2026-02-12 22:15:40,611-INFO-Consultation Fee: 1000
2026-02-12 22:15:40,611-INFO-total bill is : 6000
2026-02-12 22:15:40,611-INFO-sanjana is discharged
2026-02-12 22:15:40,611-INFO-Patient Name: sanjana
2026-02-12 22:15:40,611-INFO-Age: 21
2026-02-12 22:15:40,611-INFO-Disease: fever
2026-02-12 22:15:40,611-INFO-Phone: 1234567890
2026-02-12 22:15:40,611-INFO-Admitted: False
2026-02-12 22:15:40,611-INFO-Days Admitted: 4
2026-02-12 22:15:40,611-INFO-Bill Amount: 6000
2026-02-12 22:15:40,611-INFO-Consultation Fee: 2000
